<?xml version="1.0" encoding="utf-8"?>
<log version="1.0" tool="runtool">

<msg id="1" tool="runtool">
  <type>log-start</type>
  <arg>2025/11/18 19:51:34</arg>
</msg>
<msg id="2" tool="runtool">
  <type>bandwidth-measurement-starts</type>
</msg>
<msg id="3" tool="runtool">
  <type>bandwidth-measurement-done</type>
</msg>
<msg id="4" tool="runtool">
  <type>collector-starts</type>
</msg>
<msg id="5" tool="runtool">
  <type>marker-file</type>
  <arg>/home/ing-mustang/Desktop/Sup_Galilee/3e_annee/Unige/High_Performance_Computing/Additionnal_homework/OpenMP/Open_MP_DFT/e000/trc001/trc001.advixe</arg>
</msg>
<msg id="6" tool="trc">
  <type>PROCESS_START</type>
  <arg>/home/ing-mustang/Desktop/Sup_Galilee/3e_annee/Unige/High_Performance_Computing/Additionnal_homework/OpenMP/release/omp_homework_vectorised</arg>
  <arg>35375</arg>
  <severity>INFO</severity>
  <timestamp>Tue Nov 18 19:51:46 2025</timestamp>
</msg>
<msg id="7" tool="trc">
  <type>PROCESS_ANALYSIS_MODE</type>
  <arg>full</arg>
  <severity>INFO</severity>
  <timestamp>Tue Nov 18 19:51:46 2025</timestamp>
</msg>
<msg id="8" tool="trc">
  <type>LOAD_MODULE</type>
  <arg>/home/ing-mustang/Desktop/Sup_Galilee/3e_annee/Unige/High_Performance_Computing/Additionnal_homework/OpenMP/release/omp_homework_vectorised</arg>
  <arg>0x400000</arg>
  <arg>0x42c097</arg>
  <arg>yes</arg>
  <severity>INFO</severity>
  <timestamp>Tue Nov 18 19:51:46 2025</timestamp>
</msg>
<msg id="9" tool="trc">
  <type>LOAD_MODULE</type>
  <arg>/lib64/ld-linux-x86-64.so.2</arg>
  <arg>0x7f97a5561000</arg>
  <arg>0x7f97a559c2d7</arg>
  <arg>no</arg>
  <severity>INFO</severity>
  <timestamp>Tue Nov 18 19:51:46 2025</timestamp>
</msg>
<msg id="10" tool="trc">
  <type>LOAD_MODULE</type>
  <arg>[vdso]</arg>
  <arg>0x7ffd3c9f7000</arg>
  <arg>0x7ffd3c9f7dcc</arg>
  <arg>no</arg>
  <severity>INFO</severity>
  <timestamp>Tue Nov 18 19:51:46 2025</timestamp>
</msg>
<msg id="11" tool="trc">
  <type>LOAD_MODULE</type>
  <arg>/lib/x86_64-linux-gnu/libm.so.6</arg>
  <arg>0x7f979066c000</arg>
  <arg>0x7f9790752107</arg>
  <arg>no</arg>
  <severity>INFO</severity>
  <timestamp>Tue Nov 18 19:51:46 2025</timestamp>
</msg>
<msg id="12" tool="trc">
  <type>LOAD_MODULE</type>
  <arg>/home/ing-mustang/Program_externe/intel/oneapi/compiler/2025.2/lib/libiomp5.so</arg>
  <arg>0x7f9790000000</arg>
  <arg>0x7f97904906b7</arg>
  <arg>yes</arg>
  <severity>INFO</severity>
  <timestamp>Tue Nov 18 19:51:46 2025</timestamp>
</msg>
<msg id="13" tool="trc">
  <type>LOAD_MODULE</type>
  <arg>/lib/x86_64-linux-gnu/libc.so.6</arg>
  <arg>0x7f978fcbb000</arg>
  <arg>0x7f978fee3e4f</arg>
  <arg>no</arg>
  <severity>INFO</severity>
  <timestamp>Tue Nov 18 19:51:46 2025</timestamp>
</msg>
<msg id="14" tool="trc">
  <type>LOAD_MODULE</type>
  <arg>/lib/x86_64-linux-gnu/librt.so.1</arg>
  <arg>0x7f97904fd000</arg>
  <arg>0x7f9790501037</arg>
  <arg>no</arg>
  <severity>INFO</severity>
  <timestamp>Tue Nov 18 19:51:46 2025</timestamp>
</msg>
<msg id="15" tool="trc">
  <type>LOAD_MODULE</type>
  <arg>/lib/x86_64-linux-gnu/libdl.so.2</arg>
  <arg>0x7f97904b5000</arg>
  <arg>0x7f97904b9027</arg>
  <arg>no</arg>
  <severity>INFO</severity>
  <timestamp>Tue Nov 18 19:51:46 2025</timestamp>
</msg>
<msg id="16" tool="trc">
  <type>LOAD_MODULE</type>
  <arg>/lib/x86_64-linux-gnu/libpthread.so.0</arg>
  <arg>0x7f97904af000</arg>
  <arg>0x7f97904b3027</arg>
  <arg>yes</arg>
  <severity>INFO</severity>
  <timestamp>Tue Nov 18 19:51:46 2025</timestamp>
</msg>
<msg id="17" tool="trc">
  <type>UNLOAD_MODULE</type>
  <arg>/home/ing-mustang/Desktop/Sup_Galilee/3e_annee/Unige/High_Performance_Computing/Additionnal_homework/OpenMP/release/omp_homework_vectorised</arg>
  <severity>INFO</severity>
  <timestamp>Tue Nov 18 19:51:49 2025</timestamp>
</msg>
<msg id="18" tool="trc">
  <type>UNLOAD_MODULE</type>
  <arg>/lib64/ld-linux-x86-64.so.2</arg>
  <severity>INFO</severity>
  <timestamp>Tue Nov 18 19:51:49 2025</timestamp>
</msg>
<msg id="19" tool="trc">
  <type>UNLOAD_MODULE</type>
  <arg>[vdso]</arg>
  <severity>INFO</severity>
  <timestamp>Tue Nov 18 19:51:49 2025</timestamp>
</msg>
<msg id="20" tool="trc">
  <type>UNLOAD_MODULE</type>
  <arg>/lib/x86_64-linux-gnu/libm.so.6</arg>
  <severity>INFO</severity>
  <timestamp>Tue Nov 18 19:51:49 2025</timestamp>
</msg>
<msg id="21" tool="trc">
  <type>UNLOAD_MODULE</type>
  <arg>/home/ing-mustang/Program_externe/intel/oneapi/compiler/2025.2/lib/libiomp5.so</arg>
  <severity>INFO</severity>
  <timestamp>Tue Nov 18 19:51:49 2025</timestamp>
</msg>
<msg id="22" tool="trc">
  <type>UNLOAD_MODULE</type>
  <arg>/lib/x86_64-linux-gnu/libc.so.6</arg>
  <severity>INFO</severity>
  <timestamp>Tue Nov 18 19:51:49 2025</timestamp>
</msg>
<msg id="23" tool="trc">
  <type>UNLOAD_MODULE</type>
  <arg>/lib/x86_64-linux-gnu/librt.so.1</arg>
  <severity>INFO</severity>
  <timestamp>Tue Nov 18 19:51:49 2025</timestamp>
</msg>
<msg id="24" tool="trc">
  <type>UNLOAD_MODULE</type>
  <arg>/lib/x86_64-linux-gnu/libdl.so.2</arg>
  <severity>INFO</severity>
  <timestamp>Tue Nov 18 19:51:49 2025</timestamp>
</msg>
<msg id="25" tool="trc">
  <type>UNLOAD_MODULE</type>
  <arg>/lib/x86_64-linux-gnu/libpthread.so.0</arg>
  <severity>INFO</severity>
  <timestamp>Tue Nov 18 19:51:49 2025</timestamp>
</msg>
<msg id="26" tool="trc">
  <type>PROCESS_FINISH</type>
  <arg>/home/ing-mustang/Desktop/Sup_Galilee/3e_annee/Unige/High_Performance_Computing/Additionnal_homework/OpenMP/release/omp_homework_vectorised</arg>
  <arg>35375</arg>
  <arg>0x1</arg>
  <severity>INFO</severity>
  <timestamp>Tue Nov 18 19:51:49 2025</timestamp>
</msg>
<msg id="27" tool="runtool">
  <type>app-exit-code</type>
  <arg>1</arg>
</msg>
<msg id="28" tool="runtool">
  <type>marker-file</type>
  <arg>/home/ing-mustang/Desktop/Sup_Galilee/3e_annee/Unige/High_Performance_Computing/Additionnal_homework/OpenMP/Open_MP_DFT/e000/trc001/trc001.advixe</arg>
</msg>
<msg id="29" tool="runtool">
  <type>collector-done</type>
</msg>
<msg id="30" tool="runtool">
  <type>log-end</type>
  <arg>2025/11/18 19:51:52</arg>
</msg>

</log>

